PS C:\Users\hirok\Downloads\Forみいな※他人あけるな危険\git\git_tutorial> cd C:\Users\hirok\Downloads\Forみいな※他人あけるな危険\git
PS C:\Users\hirok\Downloads\Forみいな※他人あけるな危険\git> git init "git_challenge"
Initialized empty Git repository in C:/Users/hirok/Downloads/Forみいな※他人あけるな危険/git/git_challenge/.git/
PS C:\Users\hirok\Downloads\Forみいな※他人あけるな危険\git> cd C:\Users\hirok\Downloads\Forみいな※他人あけるな危険\git\git_challenge 
PS C:\Users\hirok\Downloads\Forみいな※他人あけるな危険\git\git_challenge> git commit -m "hello_world.txt"
On branch main

Initial commit

nothing to commit (create/copy files and use "git add" to track)
PS C:\Users\hirok\Downloads\Forみいな※他人あけるな危険\git\git_challenge> git add hello_world.txt
fatal: pathspec 'hello_world.txt' did not match any files
PS C:\Users\hirok\Downloads\Forみいな※他人あけるな危険\git\git_challenge> ls
PS C:\Users\hirok\Downloads\Forみいな※他人あけるな危険\git\git_challenge> git add hello_world.txt
PS C:\Users\hirok\Downloads\Forみいな※他人あけるな危険\git\git_challenge> git commit -m "1回目のコミット"
[main (root-commit) 8c5372c] 1回目のコミット
 1 file changed, 1 insertion(+)
 create mode 100644 hello_world.txt
PS C:\Users\hirok\Downloads\Forみいな※他人あけるな危険\git\git_challenge>git add hello_world.txt
PS C:\Users\hirok\Downloads\Forみいな※他人あけるな危険\git\git_challenge> git commit -m "hello_worldの更新"
[main 1761687] hello_worldの更新
 1 file changed, 2 insertions(+), 1 deletion(-)
PS C:\Users\hirok\Downloads\Forみいな※他人あけるな危険\git\git_challenge> git status
On branch main
nothing to commit, working tree clean
PS C:\Users\hirok\Downloads\Forみいな※他人あけるな危険\git\git_challenge> git log --oneline
1761687 (HEAD -> main) hello_worldの更新
8c5372c 1回目のコミット