S C:\Users\hirok> cd C:\Users\hirok\Downloads\Forみいな※他人あけるな危険\git
PS C:\Users\hirok\Downloads\Forみいな※他人あけるな危険\git> mkdir git_challenge


    ディレクトリ: C:\Users\hirok\Downloads\Forみいな※他人あけるな危険\git


Mode                 LastWriteTime         Length Name
----                 -------------         ------ ----
d-----        2025/06/16     19:30                git_challenge


PS C:\Users\hirok\Downloads\Forみいな※他人あけるな危険\git>cd git_challenge
PS C:\Users\hirok\Downloads\Forみいな※他人あけるな危険\git\git_challenge> git init
Initialized empty Git repository in C:/Users/hirok/Downloads/Forみいな※他人あけるな危険/git/git_challenge/.git/
PS C:\Users\hirok\Downloads\Forみいな※他人あけるな危険\git\git_challenge> echo "Hello,world!" > hello_world.txt
PS C:\Users\hirok\Downloads\Forみいな※他人あけるな危険\git\git_challenge> git add hello_world.txt
PS C:\Users\hirok\Downloads\Forみいな※他人あけるな危険\git\git_challenge> git commit -m "1回目コミット"
[main (root-commit) b9045e4] 1回目コミット
 1 file changed, 0 insertions(+), 0 deletions(-)
 create mode 100644 hello_world.txt
PS C:\Users\hirok\Downloads\Forみいな※他人あけるな危険\git\git_challenge> echo "こんにちは、世界！" >> hello_world.txt
PS C:\Users\hirok\Downloads\Forみいな※他人あけるな危険\git\git_challenge> git add hello_world.txt
PS C:\Users\hirok\Downloads\Forみいな※他人あけるな危険\git\git_challenge> git commit -m "2回目コミット"
[main d9d4e20] 2回目コミット
 1 file changed, 0 insertions(+), 0 deletions(-)
PS C:\Users\hirok\Downloads\Forみいな※他人あけるな危険\git\git_challenge>git log --oneline
d9d4e20 (HEAD -> main) 2回目コミット
b9045e4 1回目コミット
PS C:\Users\hirok\Downloads\Forみいな※他人あけるな危険\git\git_challenge> 